Cleaning up...
Setting up test data...
Test data created. Running assertions...
node.exe : TypeError: 
fetch failed
En C:\Program 
Files\nodejs\npx.ps1: 29 
Carácter: 3
+   & $NODE_EXE 
$NPX_CLI_JS $args
+   ~~~~~~~~~~~~~~~~~~~~~~~
~~~~~~
    + CategoryInfo         
     : NotSpecified: (Typ  
  eError: fetch failed:S   
 tring) [], RemoteExcep    
tion
    + FullyQualifiedErrorI 
   d : NativeCommandError
 
    at node:internal/deps/u
ndici/undici:13502:13
    at process.processTicks
AndRejections (node:interna
l/process/task_queues:105:5
)
    at async runTests (C:\t
emp\Code\React\AppEvents\sr
c\test-auth-verification.ts
:94:18) {
  [cause]: AggregateError 
[ECONNREFUSED]: 
      at 
internalConnectMultiple 
(node:net:1139:18)
      at 
afterConnectMultiple 
(node:net:1712:7) {
    code: 'ECONNREFUSED',
    [errors]: [ [Error], 
[Error] ]
  }
}
